[15016:3832:0719/115410.536:INFO:components\enterprise\browser\controller\chrome_browser_cloud_management_controller.cc:239] No machine level policy manager exists.
[27508:22880:0719/115410.611:ERROR:ui\gl\direct_composition_support.cc:247] GetGpuDriverOverlayInfo: Failed to retrieve video device
[27508:22880:0719/115410.612:VERBOSE1:components\viz\service\main\viz_main_impl.cc:87] VizNullHypothesis is disabled (not a warning)
[26500:12284:0719/115410.661:INFO:third_party\webrtc\rtc_base\cpu_info.cc:77] Available number of cores: 12
[22068:14680:0719/115410.661:INFO:third_party\webrtc\rtc_base\cpu_info.cc:77] Available number of cores: 12
[15016:3832:0719/115410.667:WARNING:chrome\browser\extensions\external_registry_loader_win.cc:236] Error observing HKLM: Acceso denegado. (0x5)
[3888:18852:0719/115410.701:INFO:third_party\webrtc\rtc_base\cpu_info.cc:77] Available number of cores: 12
[15016:132:0719/115410.722:WARNING:chrome\browser\extensions\external_pref_loader.cc:294] You are using an old-style extension deployment method (external_extensions.json), which will soon be deprecated. (see http://developer.chrome.com/docs/extensions/how-to/distribute/install-extensions)
[3436:15024:0719/115410.736:INFO:third_party\webrtc\rtc_base\cpu_info.cc:77] Available number of cores: 12
[26112:26272:0719/115410.833:INFO:third_party\webrtc\rtc_base\cpu_info.cc:77] Available number of cores: 12
[7616:13296:0719/115410.848:INFO:third_party\webrtc\rtc_base\cpu_info.cc:77] Available number of cores: 12
[15016:3832:0719/115411.070:INFO:CONSOLE:38560] "%cDownload the React DevTools for a better development experience: https://reactjs.org/link/react-devtools font-weight:bold", source: webpack-internal:///(app-pages-browser)/./node_modules/next/dist/compiled/react-dom/cjs/react-dom.development.js (38560)
[15016:3832:0719/115411.251:INFO:CONSOLE:1] "Ignoring Event: localhost", source: https://plausible.io/js/script.tagged-events.js (1)
[15016:3832:0719/115411.739:INFO:CONSOLE:842] "Slots cargados: 123 [object Object]", source: webpack-internal:///(app-pages-browser)/./src/components/mural/MuralCanvas.tsx (842)
[15016:3832:0719/115411.741:INFO:CONSOLE:1028] "Dibujando foto: https://hmfdauxrpolpvbzlxenq.supabase.co/storage/v1/object/public/pet-photos/pets/thumbnails/1784368028636.webp", source: webpack-internal:///(app-pages-browser)/./src/components/mural/MuralCanvas.tsx (1028)
[15016:3832:0719/115411.741:INFO:CONSOLE:1028] "Dibujando foto: https://hmfdauxrpolpvbzlxenq.supabase.co/storage/v1/object/public/pet-photos/pets/thumbnails/1784447424500.webp", source: webpack-internal:///(app-pages-browser)/./src/components/mural/MuralCanvas.tsx (1028)
[15016:3832:0719/115411.741:INFO:CONSOLE:1028] "Dibujando foto: https://hmfdauxrpolpvbzlxenq.supabase.co/storage/v1/object/public/pet-photos/pets/thumbnails/1784403574785.webp", source: webpack-internal:///(app-pages-browser)/./src/components/mural/MuralCanvas.tsx (1028)
[15016:3832:0719/115411.741:INFO:CONSOLE:1028] "Dibujando foto: https://hmfdauxrpolpvbzlxenq.supabase.co/storage/v1/object/public/pet-photos/pets/thumbnails/1784445947064.webp", source: webpack-internal:///(app-pages-browser)/./src/components/mural/MuralCanvas.tsx (1028)
[15016:3832:0719/115411.741:INFO:CONSOLE:1028] "Dibujando foto: https://hmfdauxrpolpvbzlxenq.supabase.co/storage/v1/object/public/pet-photos/pets/thumbnails/1784405610961.webp", source: webpack-internal:///(app-pages-browser)/./src/components/mural/MuralCanvas.tsx (1028)
[15016:3832:0719/115411.741:INFO:CONSOLE:1028] "Dibujando foto: https://hmfdauxrpolpvbzlxenq.supabase.co/storage/v1/object/public/pet-photos/pets/thumbnails/1784447588470.webp", source: webpack-internal:///(app-pages-browser)/./src/components/mural/MuralCanvas.tsx (1028)
[15016:3832:0719/115411.741:INFO:CONSOLE:1028] "Dibujando foto: https://hmfdauxrpolpvbzlxenq.supabase.co/storage/v1/object/public/pet-photos/pets/thumbnails/1784401810695.webp", source: webpack-internal:///(app-pages-browser)/./src/components/mural/MuralCanvas.tsx (1028)
[15016:3832:0719/115411.741:INFO:CONSOLE:1028] "Dibujando foto: https://hmfdauxrpolpvbzlxenq.supabase.co/storage/v1/object/public/pet-photos/pets/thumbnails/1784403103734.webp", source: webpack-internal:///(app-pages-browser)/./src/components/mural/MuralCanvas.tsx (1028)
[15016:3832:0719/115411.741:INFO:CONSOLE:1028] "Dibujando foto: https://hmfdauxrpolpvbzlxenq.supabase.co/storage/v1/object/public/pet-photos/pets/thumbnails/1784446742027.webp", source: webpack-internal:///(app-pages-browser)/./src/components/mural/MuralCanvas.tsx (1028)
[15016:3832:0719/115411.741:INFO:CONSOLE:1028] "Dibujando foto: https://hmfdauxrpolpvbzlxenq.supabase.co/storage/v1/object/public/pet-photos/pets/thumbnails/1784403941360.webp", source: webpack-internal:///(app-pages-browser)/./src/components/mural/MuralCanvas.tsx (1028)
[15016:3832:0719/115411.741:INFO:CONSOLE:1028] "Dibujando foto: https://hmfdauxrpolpvbzlxenq.supabase.co/storage/v1/object/public/pet-photos/pets/thumbnails/1783868456393.webp", source: webpack-internal:///(app-pages-browser)/./src/components/mural/MuralCanvas.tsx (1028)
[15016:3832:0719/115411.743:INFO:CONSOLE:1028] "Dibujando foto: https://hmfdauxrpolpvbzlxenq.supabase.co/storage/v1/object/public/pet-photos/pets/thumbnails/1784365604290.webp", source: webpack-internal:///(app-pages-browser)/./src/components/mural/MuralCanvas.tsx (1028)
[15016:3832:0719/115411.743:INFO:CONSOLE:1028] "Dibujando foto: https://hmfdauxrpolpvbzlxenq.supabase.co/storage/v1/object/public/pet-photos/pets/thumbnails/1783865430141.webp", source: webpack-internal:///(app-pages-browser)/./src/components/mural/MuralCanvas.tsx (1028)
[15016:3832:0719/115411.743:INFO:CONSOLE:1028] "Dibujando foto: https://hmfdauxrpolpvbzlxenq.supabase.co/storage/v1/object/public/pet-photos/pets/thumbnails/1783865202220.webp", source: webpack-internal:///(app-pages-browser)/./src/components/mural/MuralCanvas.tsx (1028)
[15016:3832:0719/115411.824:INFO:CONSOLE:842] "Slots cargados: 123 [object Object]", source: webpack-internal:///(app-pages-browser)/./src/components/mural/MuralCanvas.tsx (842)
[15016:3832:0719/115411.829:INFO:CONSOLE:36] "Imagen cargada OK: https://hmfdauxrpolpvbzlxenq.supabase.co/storage/v1/object/public/pet-photos/pets/thumbnails/1784447588470.webp 120 120", source: webpack-internal:///(app-pages-browser)/./src/components/mural/MuralCanvas.tsx (36)
[15016:3832:0719/115411.830:INFO:CONSOLE:36] "Imagen cargada OK: https://hmfdauxrpolpvbzlxenq.supabase.co/storage/v1/object/public/pet-photos/pets/thumbnails/1784447424500.webp 120 120", source: webpack-internal:///(app-pages-browser)/./src/components/mural/MuralCanvas.tsx (36)
[15016:3832:0719/115411.831:INFO:CONSOLE:36] "Imagen cargada OK: https://hmfdauxrpolpvbzlxenq.supabase.co/storage/v1/object/public/pet-photos/pets/thumbnails/1784403103734.webp 120 120", source: webpack-internal:///(app-pages-browser)/./src/components/mural/MuralCanvas.tsx (36)
[15016:3832:0719/115411.855:INFO:CONSOLE:36] "Imagen cargada OK: https://hmfdauxrpolpvbzlxenq.supabase.co/storage/v1/object/public/pet-photos/pets/thumbnails/1784445947064.webp 120 120", source: webpack-internal:///(app-pages-browser)/./src/components/mural/MuralCanvas.tsx (36)
[15016:3832:0719/115411.855:INFO:CONSOLE:36] "Imagen cargada OK: https://hmfdauxrpolpvbzlxenq.supabase.co/storage/v1/object/public/pet-photos/pets/thumbnails/1784403574785.webp 120 120", source: webpack-internal:///(app-pages-browser)/./src/components/mural/MuralCanvas.tsx (36)
[15016:3832:0719/115411.855:INFO:CONSOLE:36] "Imagen cargada OK: https://hmfdauxrpolpvbzlxenq.supabase.co/storage/v1/object/public/pet-photos/pets/thumbnails/1784401810695.webp 120 120", source: webpack-internal:///(app-pages-browser)/./src/components/mural/MuralCanvas.tsx (36)
[15016:3832:0719/115411.855:INFO:CONSOLE:36] "Imagen cargada OK: https://hmfdauxrpolpvbzlxenq.supabase.co/storage/v1/object/public/pet-photos/pets/thumbnails/1784368028636.webp 120 120", source: webpack-internal:///(app-pages-browser)/./src/components/mural/MuralCanvas.tsx (36)
[15016:3832:0719/115411.929:INFO:CONSOLE:36] "Imagen cargada OK: https://hmfdauxrpolpvbzlxenq.supabase.co/storage/v1/object/public/pet-photos/pets/thumbnails/1784405610961.webp 120 120", source: webpack-internal:///(app-pages-browser)/./src/components/mural/MuralCanvas.tsx (36)
[15016:3832:0719/115411.929:INFO:CONSOLE:36] "Imagen cargada OK: https://hmfdauxrpolpvbzlxenq.supabase.co/storage/v1/object/public/pet-photos/pets/thumbnails/1784446742027.webp 120 120", source: webpack-internal:///(app-pages-browser)/./src/components/mural/MuralCanvas.tsx (36)
[15016:3832:0719/115411.929:INFO:CONSOLE:36] "Imagen cargada OK: https://hmfdauxrpolpvbzlxenq.supabase.co/storage/v1/object/public/pet-photos/pets/thumbnails/1784403941360.webp 120 120", source: webpack-internal:///(app-pages-browser)/./src/components/mural/MuralCanvas.tsx (36)
[15016:3832:0719/115411.959:INFO:CONSOLE:36] "Imagen cargada OK: https://hmfdauxrpolpvbzlxenq.supabase.co/storage/v1/object/public/pet-photos/pets/thumbnails/1783868456393.webp 120 120", source: webpack-internal:///(app-pages-browser)/./src/components/mural/MuralCanvas.tsx (36)
[15016:3832:0719/115411.959:INFO:CONSOLE:36] "Imagen cargada OK: https://hmfdauxrpolpvbzlxenq.supabase.co/storage/v1/object/public/pet-photos/pets/thumbnails/1783865202220.webp 120 120", source: webpack-internal:///(app-pages-browser)/./src/components/mural/MuralCanvas.tsx (36)
[15016:3832:0719/115411.959:INFO:CONSOLE:36] "Imagen cargada OK: https://hmfdauxrpolpvbzlxenq.supabase.co/storage/v1/object/public/pet-photos/pets/thumbnails/1783865430141.webp 120 120", source: webpack-internal:///(app-pages-browser)/./src/components/mural/MuralCanvas.tsx (36)
[15016:3832:0719/115411.959:INFO:CONSOLE:36] "Imagen cargada OK: https://hmfdauxrpolpvbzlxenq.supabase.co/storage/v1/object/public/pet-photos/pets/thumbnails/1784365604290.webp 120 120", source: webpack-internal:///(app-pages-browser)/./src/components/mural/MuralCanvas.tsx (36)
[1804:15864:0719/115413.975:INFO:third_party\webrtc\rtc_base\cpu_info.cc:77] Available number of cores: 12
[12724:8116:0719/115413.975:INFO:third_party\webrtc\rtc_base\cpu_info.cc:77] Available number of cores: 12
[3460:5668:0719/115414.088:INFO:third_party\webrtc\rtc_base\cpu_info.cc:77] Available number of cores: 12
[4000:25896:0719/115414.143:INFO:third_party\webrtc\rtc_base\cpu_info.cc:77] Available number of cores: 12
[15548:22708:0719/115414.205:INFO:third_party\webrtc\rtc_base\cpu_info.cc:77] Available number of cores: 12
[12328:12648:0719/115414.259:INFO:third_party\webrtc\rtc_base\cpu_info.cc:77] Available number of cores: 12
[9172:10144:0719/115414.315:INFO:third_party\webrtc\rtc_base\cpu_info.cc:77] Available number of cores: 12
[15016:12392:0719/115414.385:ERROR:google_apis\gcm\engine\registration_request.cc:291] Registration response error message: DEPRECATED_ENDPOINT
[5368:19572:0719/115414.385:INFO:third_party\webrtc\rtc_base\cpu_info.cc:77] Available number of cores: 12
[22740:9936:0719/115414.504:INFO:third_party\webrtc\rtc_base\cpu_info.cc:77] Available number of cores: 12
[6332:10660:0719/115414.508:INFO:third_party\webrtc\rtc_base\cpu_info.cc:77] Available number of cores: 12
[24324:1300:0719/115414.663:INFO:third_party\webrtc\rtc_base\cpu_info.cc:77] Available number of cores: 12
[15016:12392:0719/115440.517:ERROR:google_apis\gcm\engine\registration_request.cc:291] Registration response error message: DEPRECATED_ENDPOINT
[15016:6276:0719/115440.580:INFO:chrome\browser\extensions\extension_garbage_collector.cc:188] Garbage collection for extensions on file thread is complete.
[15016:12392:0719/115534.974:ERROR:google_apis\gcm\engine\registration_request.cc:291] Registration response error message: DEPRECATED_ENDPOINT
[15016:12392:0719/115704.283:ERROR:google_apis\gcm\engine\registration_request.cc:291] Registration response error message: DEPRECATED_ENDPOINT
[15016:3832:0719/115710.697:ERROR:services\on_device_model\public\cpp\service_client.cc:37] Unexpected on_device_model service disconnect; reason: 0, description: 
[15016:3832:0719/115831.247:INFO:CONSOLE:187] "[Fast Refresh] rebuilding", source: webpack-internal:///(app-pages-browser)/./node_modules/next/dist/client/components/react-dev-overlay/app/hot-reloader-client.js (187)
[15016:3832:0719/115832.044:INFO:CONSOLE:44] "[Fast Refresh] done in 798ms", source: webpack-internal:///(app-pages-browser)/./node_modules/next/dist/client/components/react-dev-overlay/app/hot-reloader-client.js (44)
[15016:3832:0719/115832.103:INFO:CONSOLE:36] "Imagen cargada OK: https://hmfdauxrpolpvbzlxenq.supabase.co/storage/v1/object/public/pet-photos/pets/thumbnails/1784368028636.webp 120 120", source: webpack-internal:///(app-pages-browser)/./src/components/mural/MuralCanvas.tsx (36)
[15016:3832:0719/115832.103:INFO:CONSOLE:36] "Imagen cargada OK: https://hmfdauxrpolpvbzlxenq.supabase.co/storage/v1/object/public/pet-photos/pets/thumbnails/1784447424500.webp 120 120", source: webpack-internal:///(app-pages-browser)/./src/components/mural/MuralCanvas.tsx (36)
[15016:3832:0719/115832.103:INFO:CONSOLE:36] "Imagen cargada OK: https://hmfdauxrpolpvbzlxenq.supabase.co/storage/v1/object/public/pet-photos/pets/thumbnails/1784403574785.webp 120 120", source: webpack-internal:///(app-pages-browser)/./src/components/mural/MuralCanvas.tsx (36)
[15016:3832:0719/115832.105:INFO:CONSOLE:36] "Imagen cargada OK: https://hmfdauxrpolpvbzlxenq.supabase.co/storage/v1/object/public/pet-photos/pets/thumbnails/1784445947064.webp 120 120", source: webpack-internal:///(app-pages-browser)/./src/components/mural/MuralCanvas.tsx (36)
[15016:3832:0719/115832.105:INFO:CONSOLE:36] "Imagen cargada OK: https://hmfdauxrpolpvbzlxenq.supabase.co/storage/v1/object/public/pet-photos/pets/thumbnails/1784405610961.webp 120 120", source: webpack-internal:///(app-pages-browser)/./src/components/mural/MuralCanvas.tsx (36)
[15016:3832:0719/115832.105:INFO:CONSOLE:36] "Imagen cargada OK: https://hmfdauxrpolpvbzlxenq.supabase.co/storage/v1/object/public/pet-photos/pets/thumbnails/1784447588470.webp 120 120", source: webpack-internal:///(app-pages-browser)/./src/components/mural/MuralCanvas.tsx (36)
[15016:3832:0719/115832.105:INFO:CONSOLE:36] "Imagen cargada OK: https://hmfdauxrpolpvbzlxenq.supabase.co/storage/v1/object/public/pet-photos/pets/thumbnails/1784401810695.webp 120 120", source: webpack-internal:///(app-pages-browser)/./src/components/mural/MuralCanvas.tsx (36)
[15016:3832:0719/115832.105:INFO:CONSOLE:36] "Imagen cargada OK: https://hmfdauxrpolpvbzlxenq.supabase.co/storage/v1/object/public/pet-photos/pets/thumbnails/1784403103734.webp 120 120", source: webpack-internal:///(app-pages-browser)/./src/components/mural/MuralCanvas.tsx (36)
[15016:3832:0719/115832.164:INFO:CONSOLE:36] "Imagen cargada OK: https://hmfdauxrpolpvbzlxenq.supabase.co/storage/v1/object/public/pet-photos/pets/thumbnails/1784446742027.webp 120 120", source: webpack-internal:///(app-pages-browser)/./src/components/mural/MuralCanvas.tsx (36)
[15016:3832:0719/115832.164:INFO:CONSOLE:36] "Imagen cargada OK: https://hmfdauxrpolpvbzlxenq.supabase.co/storage/v1/object/public/pet-photos/pets/thumbnails/1784403941360.webp 120 120", source: webpack-internal:///(app-pages-browser)/./src/components/mural/MuralCanvas.tsx (36)
[15016:3832:0719/115832.164:INFO:CONSOLE:36] "Imagen cargada OK: https://hmfdauxrpolpvbzlxenq.supabase.co/storage/v1/object/public/pet-photos/pets/thumbnails/1783868456393.webp 120 120", source: webpack-internal:///(app-pages-browser)/./src/components/mural/MuralCanvas.tsx (36)
[15016:3832:0719/115832.164:INFO:CONSOLE:36] "Imagen cargada OK: https://hmfdauxrpolpvbzlxenq.supabase.co/storage/v1/object/public/pet-photos/pets/thumbnails/1784365604290.webp 120 120", source: webpack-internal:///(app-pages-browser)/./src/components/mural/MuralCanvas.tsx (36)
[15016:3832:0719/115832.164:INFO:CONSOLE:36] "Imagen cargada OK: https://hmfdauxrpolpvbzlxenq.supabase.co/storage/v1/object/public/pet-photos/pets/thumbnails/1783865430141.webp 120 120", source: webpack-internal:///(app-pages-browser)/./src/components/mural/MuralCanvas.tsx (36)
[15016:3832:0719/115832.164:INFO:CONSOLE:36] "Imagen cargada OK: https://hmfdauxrpolpvbzlxenq.supabase.co/storage/v1/object/public/pet-photos/pets/thumbnails/1783865202220.webp 120 120", source: webpack-internal:///(app-pages-browser)/./src/components/mural/MuralCanvas.tsx (36)
